--------- beginning of main
02-18 20:39:49.151  5630  5677 W unknown:ReactNative: Attempt to set local data for view with unknown tag: -1
02-18 20:39:49.151  5630  5677 W unknown:ReactNative: Attempt to set local data for view with unknown tag: -1
02-18 20:39:49.151  5630  5677 W unknown:ReactNative: Attempt to set local data for view with unknown tag: -1
02-18 20:39:49.152  5630  5677 W unknown:ReactNative: Attempt to set local data for view with unknown tag: -1
02-18 20:39:49.152  5630  5677 W unknown:ReactNative: Attempt to set local data for view with unknown tag: -1
02-18 20:39:49.152  5630  5677 W unknown:ReactNative: Attempt to set local data for view with unknown tag: -1
02-18 20:39:49.154  5630  5630 I ry.pvccoders.ch: hiddenapi: Accessing hidden field Landroid/widget/ScrollView;->mScroller:Landroid/widget/OverScroller; (runtime_flags=0, domain=platform, api=unsupported) from Lcom/facebook/react/views/scroll/ReactScrollView; (domain=app, TargetSdkVersion=34) using reflection: allowed
02-18 20:39:49.191  5707  5707 D AndroidRuntime: >>>>>> START com.android.internal.os.RuntimeInit uid 2000 <<<<<<
02-18 20:39:49.200  5707  5707 I AndroidRuntime: Using default boot image
02-18 20:39:49.201  5707  5707 I AndroidRuntime: Leaving lock profiling enabled
02-18 20:39:49.203  5707  5707 I app_process: Using CollectorTypeCMC GC.
02-18 20:39:49.243  5630  5711 D nativeloader: Load /data/app/~~8To-85JI1z07pFdEkJQq3A==/nmjewellery.pvccoders.ch-wrcRqVPCSYRF3Cg8uivjbw==/base.apk!/lib/arm64-v8a/libimagepipeline.so using class loader ns clns-9 (caller=/data/app/~~8To-85JI1z07pFdEkJQq3A==/nmjewellery.pvccoders.ch-wrcRqVPCSYRF3Cg8uivjbw==/base.apk): ok
02-18 20:39:49.254  5630  5711 D nativeloader: Load /data/app/~~8To-85JI1z07pFdEkJQq3A==/nmjewellery.pvccoders.ch-wrcRqVPCSYRF3Cg8uivjbw==/base.apk!/lib/arm64-v8a/libnative-imagetranscoder.so using class loader ns clns-9 (caller=/data/app/~~8To-85JI1z07pFdEkJQq3A==/nmjewellery.pvccoders.ch-wrcRqVPCSYRF3Cg8uivjbw==/base.apk): ok
02-18 20:39:49.304  5707  5707 D nativeloader: InitDefaultPublicLibraries for_preload=1: libandroid.so:libaaudio.so:libamidi.so:libbinder_ndk.so:libc.so:libcamera2ndk.so:libdl.so:libEGL.so:libGLESv1_CM.so:libGLESv2.so:libGLESv3.so:libicu.so:libicui18n.so:libicuuc.so:libjnigraphics.so:liblog.so:libmediandk.so:libm.so:libnativehelper.so:libnativewindow.so:libOpenMAXAL.so:libOpenSLES.so:libRS.so:libstdc++.so:libsync.so:libvulkan.so:libwebviewchromium_plat_support.so:libz.so
02-18 20:39:49.316  5707  5707 D nativeloader: Load libicu_jni.so using APEX ns com_android_art for caller /apex/com.android.art/javalib/core-oj.jar: ok
02-18 20:39:49.320  5707  5707 D app_process: u_setTimeZoneFilesDirectory("/apex/com.android.tzdata/etc/tz/versioned/9/icu") succeeded. 
02-18 20:39:49.320  5707  5707 D app_process: I18n APEX ICU file found: /apex/com.android.i18n/etc/icu/icudt76l.dat
02-18 20:39:49.321  5707  5707 D nativeloader: Load libjavacore.so using APEX ns com_android_art for caller /apex/com.android.art/javalib/core-oj.jar: ok
02-18 20:39:49.321  5707  5707 D nativeloader: Load libopenjdk.so using APEX ns com_android_art for caller /apex/com.android.art/javalib/core-oj.jar: ok
02-18 20:39:49.322  5707  5707 I app_process: Priority-to-niceness mapping: 19, 16, 13, 10, 0, -2, -4, -5, -6, -8
02-18 20:39:49.351  5707  5707 D nativeloader: Load libframework-connectivity-tiramisu-jni.so using APEX ns com_android_tethering for caller /apex/com.android.tethering/javalib/framework-connectivity-t.jar: ok
02-18 20:39:49.351  5707  5707 D AndroidRuntime: Calling main entry com.android.commands.monkey.Monkey
02-18 20:39:49.354  5707  5707 D nativeloader: Load /system/lib64/libmonkey_jni.so using ns default for caller /system/framework/monkey.jar in same partition (is_bridged=0): ok
02-18 20:39:49.354  5707  5707 W Monkey  : args: [-p, nmjewellery.pvccoders.ch, -c, android.intent.category.LAUNCHER, 1]
02-18 20:39:49.357  5707  5707 I AconfigPackage: android.media.swcodec.flags is mapped to com.android.media.swcodec
02-18 20:39:49.357  5707  5707 I AconfigPackage: com.android.permission.flags is mapped to com.android.permission
02-18 20:39:49.357  5707  5707 I AconfigPackage: com.android.permissioncontroller.flags is mapped to com.android.permission
02-18 20:39:49.357  5707  5707 I AconfigPackage: com.android.icu is mapped to com.android.i18n
02-18 20:39:49.357  5707  5707 I AconfigPackage: com.android.appsearch.flags is mapped to com.android.appsearch
02-18 20:39:49.358  5707  5707 I AconfigPackage: android.uprobestats.mainline.flags is mapped to com.android.uprobestats
02-18 20:39:49.358  5707  5707 I AconfigPackage: com.android.crashrecovery.flags is mapped to com.android.crashrecovery
02-18 20:39:49.358  5707  5707 I AconfigPackage: android.provider.flags is mapped to com.android.configinfrastructure
02-18 20:39:49.358  5707  5707 I AconfigPackage: com.android.server.deviceconfig is mapped to com.android.configinfrastructure
02-18 20:39:49.358  5707  5707 I AconfigPackage: com.android.art.flags is mapped to com.android.art
02-18 20:39:49.358  5707  5707 I AconfigPackage: com.android.art.rw.flags is mapped to com.android.art
02-18 20:39:49.358  5707  5707 I AconfigPackage: com.android.libcore is mapped to com.android.art
02-18 20:39:49.358  5707  5707 I AconfigPackage: com.android.telephony.flags is mapped to com.android.telephonycore
02-18 20:39:49.358  5707  5707 I AconfigPackage: com.android.media.extractor.flags is mapped to com.android.media
02-18 20:39:49.358  5707  5707 I AconfigPackage: com.android.media.mainline.flags is mapped to com.android.media
02-18 20:39:49.358  5707  5707 I AconfigPackage: com.android.wifi.flags is mapped to com.android.wifi
02-18 20:39:49.358  5707  5707 I AconfigPackage: com.android.org.conscrypt.flags is mapped to com.android.conscrypt
02-18 20:39:49.358  5707  5707 I AconfigPackage: com.android.org.conscrypt.net.flags is mapped to com.android.conscrypt
02-18 20:39:49.358  5707  5707 I AconfigPackage: com.android.healthfitness.flags is mapped to com.android.healthfitness
02-18 20:39:49.358  5707  5707 I AconfigPackage: com.android.ipsec.flags is mapped to com.android.ipsec
02-18 20:39:49.358  5707  5707 I AconfigPackage: com.android.nfc.module.flags is mapped to com.android.nfcservices
02-18 20:39:49.358  5707  5707 I AconfigPackage: com.android.adservices.ondevicepersonalization.flags is mapped to com.android.ondevicepersonalization
02-18 20:39:49.358  5707  5707 I AconfigPackage: com.android.adbd.flags is mapped to com.android.adbd
02-18 20:39:49.358  5707  5707 I AconfigPackage: com.android.bluetooth.flags is mapped to com.android.bt
02-18 20:39:49.358  5707  5707 I AconfigPackage: com.android.devicelock.flags is mapped to com.android.devicelock
02-18 20:39:49.358  5707  5707 I AconfigPackage: android.os.profiling is mapped to com.android.profiling
02-18 20:39:49.358  5707  5707 I AconfigPackage: android.os.profiling.anomaly.flags is mapped to com.android.profiling
02-18 20:39:49.358  5707  5707 I AconfigPackage: com.android.os.statsd.flags is mapped to com.android.os.statsd
02-18 20:39:49.358  5707  5707 I AconfigPackage: com.android.rkpd.flags is mapped to com.android.rkpd
02-18 20:39:49.358  5707  5707 I AconfigPackage: com.android.cellbroadcastreceiver.flags is mapped to com.android.cellbroadcast
02-18 20:39:49.358  5707  5707 I AconfigPackage: com.android.adservices.flags is mapped to com.android.adservices
02-18 20:39:49.358  5707  5707 I AconfigPackage: com.android.sdksandbox.flags is mapped to com.android.adservices
02-18 20:39:49.359  5707  5707 I AconfigPackage: com.android.uwb.flags is mapped to com.android.uwb
02-18 20:39:49.359  5707  5707 I AconfigPackage: com.android.ranging.flags is mapped to com.android.uwb
02-18 20:39:49.359  5707  5707 I AconfigPackage: android.graphics.pdf.flags is mapped to com.android.mediaprovider
02-18 20:39:49.359  5707  5707 I AconfigPackage: com.android.providers.media.flags is mapped to com.android.mediaprovider
02-18 20:39:49.359  5707  5707 I AconfigPackage: android.graphics.pdf.flags.readonly is mapped to com.android.mediaprovider
02-18 20:39:49.359  5707  5707 I AconfigPackage: com.android.tethering.mainline.beta is mapped to com.android.tethering
02-18 20:39:49.359  5707  5707 I AconfigPackage: android.net.http is mapped to com.android.tethering
02-18 20:39:49.359  5707  5707 I AconfigPackage: com.android.tethering.readonly.flags is mapped to com.android.tethering
02-18 20:39:49.359  5707  5707 I AconfigPackage: android.net.vcn is mapped to com.android.tethering
02-18 20:39:49.359  5707  5707 I AconfigPackage: com.android.net.flags is mapped to com.android.tethering
02-18 20:39:49.359  5707  5707 I AconfigPackage: com.android.tethering.beta.test is mapped to com.android.tethering
02-18 20:39:49.359  5707  5707 I AconfigPackage: com.android.nearby.flags is mapped to com.android.tethering
02-18 20:39:49.359  5707  5707 I AconfigPackage: com.android.net.ct.flags is mapped to com.android.tethering
02-18 20:39:49.359  5707  5707 I AconfigPackage: com.android.net.thread.flags is mapped to com.android.tethering
02-18 20:39:49.359  5707  5707 I AconfigPackage: com.android.system.virtualmachine.flags is mapped to com.android.virt
02-18 20:39:49.359  5707  5707 E FeatureFlagsImplExport: android.os.flagging.AconfigStorageReadException: ERROR_PACKAGE_NOT_FOUND: package android.xr cannot be found on the device
02-18 20:39:49.363   686   801 D EventHub: No input device configuration file found for device 'Monkey touch'.
02-18 20:39:49.364   686   801 I EventHub: usingClockIoctl=true
02-18 20:39:49.364   686   801 I EventHub: New device: id=15, fd=676, path='/dev/input/event13', name='Monkey touch', classes=TOUCH | TOUCH_MT, configuration='', keyLayout='', keyCharacterMap='', builtinKeyboard=false, 
02-18 20:39:49.365   686   801 I InputReader: Device reconfigured: id=15, name='Monkey touch', size 1600x2560, orientation Rotation0, mode DIRECT, display id 0
02-18 20:39:49.365   686   801 I InputReader: Device added: id=15, eventHubId=15, name='Monkey touch', descriptor='e1fe28b90f915c7d1febbd52c1ef84b3c4cbed9f',sources=TOUCHSCREEN
02-18 20:39:49.374  5707  5707 W Monkey  :  arg: "-p"
02-18 20:39:49.374  5707  5707 W Monkey  :  arg: "nmjewellery.pvccoders.ch"
02-18 20:39:49.374  5707  5707 W Monkey  :  arg: "-c"
02-18 20:39:49.374  5707  5707 W Monkey  :  arg: "android.intent.category.LAUNCHER"
02-18 20:39:49.374  5707  5707 W Monkey  :  arg: "1"
02-18 20:39:49.374  5707  5707 W Monkey  : data="nmjewellery.pvccoders.ch"
02-18 20:39:49.375  5707  5707 W Monkey  : data="android.intent.category.LAUNCHER"
--------- beginning of system
02-18 20:39:49.375   686   722 D WindowManager: Direct invocation of sendNewConfiguration: Display{#0 state=ON size=1600x2560 ROTATION_0}
02-18 20:39:49.377   686   722 W libbinder.IPCThreadState: Sending oneway calls to frozen process.
02-18 20:39:49.378   942  1040 V ShellDesktopMode: DesktopDisplayModeController: canDesktopFirstModeBeEnabledOnDefaultDisplay: isDefaultDisplayDesktopEligible=false
02-18 20:39:49.380  1507  1507 I PkDeviceHelper: PkDeviceHelper.refreshDevices():93 refreshing devices
02-18 20:39:49.382  1507  1507 I PkDeviceHelper: PkDeviceHelper.addDevice():133 device qwerty2 added
02-18 20:39:49.388   686  2253 W ActivityManager: registerReceiverWithFeature: no app for null
02-18 20:39:49.393   686  2253 W ActivityTaskManager: callingPackage for (uid=2000, pid=5707) has no WPC
02-18 20:39:49.394   686  2253 V WindowManager: DesktopModeLaunchParamsModifier: phase= 0 task=null activity=null display-area-from-current-params=null display-area-from-default-fallback=DefaultTaskDisplayArea@196985958 display-id=0 task-display-area-windowing-mode=1 suggested-display-area=DefaultTaskDisplayArea@196985958 task null, skipping
02-18 20:39:49.394   686  2253 V WindowManager: TaskLaunchParamsModifier:phase=0 task=null activity=null display-area-from-current-params=null display-area-from-default-fallback=DefaultTaskDisplayArea@196985958 display-id=0 task-display-area-windowing-mode=1 suggested-display-area=DefaultTaskDisplayArea@196985958
02-18 20:39:49.394   686  2253 V GrammaticalInflectionUtils: AttributionSource: android.content.AttributionSource@3ac70c0 does not have READ_SYSTEM_GRAMMATICAL_GENDER permission.
02-18 20:39:49.395   686  2253 V WindowManager: DesktopModeLaunchParamsModifier: phase= 0 task=null activity=ActivityRecord{9240502 u0 nmjewellery.pvccoders.ch/.MainActivity display-area-from-current-params=null display-area-for-record=DefaultTaskDisplayArea@196985958 display-id=0 task-display-area-windowing-mode=1 suggested-display-area=DefaultTaskDisplayArea@196985958 task null, skipping
02-18 20:39:49.395   686  2253 V WindowManager: TaskLaunchParamsModifier:phase=0 task=null activity=ActivityRecord{9240502 u0 nmjewellery.pvccoders.ch/.MainActivity t-1} display-area-from-current-params=null display-area-for-record=DefaultTaskDisplayArea@196985958 display-id=0 task-display-area-windowing-mode=1 suggested-display-area=DefaultTaskDisplayArea@196985958
02-18 20:39:49.395   686  2253 V WindowManager: DesktopModeLaunchParamsModifier: phase= 3 task=Task{b3e0dc3 #28 type=standard A=10224:nmjewellery.pvccoders.ch} activity=ActivityRecord{9240502 u0 nmjewellery.pvccoders.ch/.MainActivity t-1} display-from-task=0 display-id=0 task-display-area-windowing-mode=1 suggested-display-area=DefaultTaskDisplayArea@196985958 not entering desktop mode, skipping
02-18 20:39:49.395   686  2253 V WindowManager: TaskLaunchParamsModifier:phase=3 task=Task{b3e0dc3 #28 type=standard A=10224:nmjewellery.pvccoders.ch} activity=ActivityRecord{9240502 u0 nmjewellery.pvccoders.ch/.MainActivity t-1} display-from-task=0 display-id=0 task-display-area-windowing-mode=1 suggested-display-area=DefaultTaskDisplayArea@196985958 inherit-from-task=fullscreen non-freeform-task-display-area display-area=DefaultTaskDisplayArea@196985958 skip-bounds-fullscreen
02-18 20:39:49.395   686  2253 V WindowManager: DesktopModeLaunchParamsModifier: phase= 3 task=Task{b3e0dc3 #28 type=standard A=10224:nmjewellery.pvccoders.ch} activity=ActivityRecord{9240502 u0 nmjewellery.pvccoders.ch/.MainActivity t-1} display-from-task=0 display-id=0 task-display-area-windowing-mode=1 suggested-display-area=DefaultTaskDisplayArea@196985958 not entering desktop mode, skipping
02-18 20:39:49.396   686  2253 V WindowManager: TaskLaunchParamsModifier:phase=3 task=Task{b3e0dc3 #28 type=standard A=10224:nmjewellery.pvccoders.ch} activity=ActivityRecord{9240502 u0 nmjewellery.pvccoders.ch/.MainActivity t-1} display-from-task=0 display-id=0 task-display-area-windowing-mode=1 suggested-display-area=DefaultTaskDisplayArea@196985958 inherit-from-task=fullscreen non-freeform-task-display-area display-area=DefaultTaskDisplayArea@196985958 skip-bounds-fullscreen
02-18 20:39:49.400   686  2253 I ActivityTaskManager: START u0 {act=android.intent.action.MAIN cat=[android.intent.category.LAUNCHER] flg=0x10200000 cmp=nmjewellery.pvccoders.ch/.MainActivity} with LAUNCH_SINGLE_TASK from uid 2000 (com.android.shell) (BAL_ALLOW_PERMISSION) result code=3
02-18 20:39:49.400   942  1397 D KeyguardService: setOccluded(false)
02-18 20:39:49.400   942  1397 D KeyguardViewMediator: setOccluded(false)
02-18 20:39:49.400   543   939 I libbinder.BpBinder: onLastStrongRef automatically unlinking death recipients for descriptor: '(not cached)'
02-18 20:39:49.400   942   942 D KeyguardViewMediator: handleSetOccluded(false)
02-18 20:39:49.400   942   942 D KeyguardViewMediator: KeyguardViewMediator queue processing message: SET_OCCLUDED
02-18 20:39:49.401  5707  5707 I Monkey  : Events injected: 1
02-18 20:39:49.404   942  1040 D WindowManagerShell: onActivityRestartAttempt: topActivity=ComponentInfo{nmjewellery.pvccoders.ch/nmjewellery.pvccoders.ch.MainActivity}, wasVisible=true, displayId=0, pipDisplayLayoutState#displayId=0
02-18 20:39:49.404  5707  5707 I Monkey  : ## Network stats: elapsed time=9ms (0ms mobile, 0ms wifi, 9ms not connected)
02-18 20:39:49.407  5707  5707 I app_process: System.exit called, status: 0
02-18 20:39:49.407  5707  5707 I AndroidRuntime: VM exiting with result code 0.
02-18 20:39:49.421   686   801 I EventHub: Removing device '/dev/input/event13' due to inotify event
02-18 20:39:49.421   686   801 I EventHub: Removed device: path=/dev/input/event13 name=Monkey touch id=15 fd=676 classes=TOUCH | TOUCH_MT
02-18 20:39:49.423   686   801 I InputReader: Device removed: id=15, eventHubId=15, name='Monkey touch', descriptor='e1fe28b90f915c7d1febbd52c1ef84b3c4cbed9f', sources=TOUCHSCREEN
02-18 20:39:49.429   686   722 D WindowManager: Direct invocation of sendNewConfiguration: Display{#0 state=ON size=1600x2560 ROTATION_0}
02-18 20:39:49.429   942  1040 V ShellDesktopMode: DesktopDisplayModeController: canDesktopFirstModeBeEnabledOnDefaultDisplay: isDefaultDisplayDesktopEligible=false
02-18 20:39:49.429   942   942 D NavigationModeController: getCurrentUserContext: contextUser=0 currentUser=0
02-18 20:39:49.430   686   722 W libbinder.IPCThreadState: Sending oneway calls to frozen process.
02-18 20:39:49.431  1507  1507 I PkDeviceHelper: PkDeviceHelper.refreshDevices():93 refreshing devices
02-18 20:39:49.431  1507  1507 I PkDeviceHelper: PkDeviceHelper.addDevice():133 device qwerty2 added
02-18 20:39:49.432   686   722 W PermissionService: getPermissionFlags: Unknown user -1
02-18 20:39:49.433   686   722 W PermissionService: getPermissionFlags: Unknown user -1
02-18 20:39:49.434  5630  5630 W unknown:ReactNative: Packager connection already open, nooping.
02-18 20:39:49.611   686   897 D BackgroundInstallControlService: Package event received: 0
02-18 20:39:49.611   686   897 D BackgroundInstallControlService: Package event received: 0
02-18 20:39:49.611   686   897 D BackgroundInstallControlService: Package event received: 0
02-18 20:39:49.641  1598  2418 W AiAiEcho: LyftNotificationParser Ridesharing ETA not enabled
02-18 20:39:49.644  1598  2418 I AiAiEcho: SmartspaceNotificationPredictor no parser can handle this notification or notification is invalid
02-18 20:39:50.182  1061  1198 D SatelliteController: iisInCarrierRoamingNbIotNtn: satellite is disabled
02-18 20:39:50.185  1061  1198 D SatelliteController: getCarrierRoamingNtnConnectType: Falling back to global carrier config connect type: 0
02-18 20:39:51.221   686   844 I HalDevMgr: bestIfaceCreationProposal is null, requestIface=STA, existingIface=[name=wlan0 type=STA]
